python : C:\Users\josep\Projects\personal\omni-engineer-personal\.venv\Lib\site-packages\pytest_asyncio\plugin.py:207: PytestDeprecationWarning: The configuration option "asyncio_default_fixture_loop_scope" is unset.
At line:1 char:1
+ python -m pytest tests/test_providers.py -v --capture=no > test_outpu ...
+ ~~~~~~~~~~~~~~~~~~~~~~~~~~~~~~~~~~~~~~~~~~~~~~~~~~~~~~~~~~~~~~~~~~~~~
    + CategoryInfo          : NotSpecified: (C:\Users\josep\...cope" is unset.:String) [], RemoteException
    + FullyQualifiedErrorId : NativeCommandError
 
The event loop scope for asynchronous fixtures will default to the fixture caching scope. Future versions of pytest-asyncio will default the loop scope for asynchronous fixtures to function scope. Set the default fixture loop scope explicitly in order to avoid 
unexpected behavior in the future. Valid fixture loop scopes are: "function", "class", "module", "package", "session"

  warnings.warn(PytestDeprecationWarning(_DEFAULT_FIXTURE_LOOP_SCOPE_UNSET))
============================= test session starts =============================
platform win32 -- Python 3.12.6, pytest-8.3.4, pluggy-1.5.0 -- C:\Users\josep\Projects\personal\omni-engineer-personal\.venv\Scripts\python.exe
cachedir: .pytest_cache
rootdir: C:\Users\josep\Projects\personal\omni-engineer-personal
configfile: pytest.ini
plugins: anyio-4.8.0, asyncio-0.25.3, cov-6.0.0, flask-1.3.0, mock-3.14.0
asyncio: mode=Mode.AUTO, asyncio_default_fixture_loop_scope=None
collecting ... Environment variables:
CBORG_API_KEY set: True
Current provider: sk-zh07bMgn68Dbkrl2EaEA4w
Loaded tool: browsertool
Loaded tool: createfolderstool
Loaded tool: diffeditortool
Loaded tool: duckduckgotool
Loaded tool: e2bcodetool
Loaded tool: filecontentreadertool
Loaded tool: filecreatortool
Loaded tool: fileedittool
Loaded tool: lintingtool
Loaded tool: screenshottool
Loaded tool: toolcreator
Loaded tool: uvpackagemanager
Loaded tool: webscrapertool
collected 5 items

tests/test_providers.py::test_ollama_models_in_api [DEBUG] Initialized session with provider: cborg
[DEBUG] Initialized session with model: lbl/cborg-coder:latest
FAILED
tests/test_providers.py::test_models_endpoint_returns_all_models [DEBUG] Initialized session with provider: cborg
[DEBUG] Initialized session with model: lbl/cborg-coder:latest

Found models by provider:

anthropic:
  - anthropic/claude-haiku: Fast and affordable model, including vision capabilities
  - anthropic/claude-sonnet: Latest version of cost-optimized model with excellent reasoning and coding
  - anthropic/claude-opus: Advanced model for nuanced reasoning, math, coding and more

google:
  - google/gemini-pro: Advanced model for general performance across a wide range of tasks
  - google/gemini-pro-vision: Vision-capable model for general performance across a wide range of tasks
  - google/gemini-ultra: High-performance model for demanding tasks
  - google/gemini-ultra-vision: Vision-capable high-performance model for demanding tasks

lbl:
  - lbl/cborg-coder:latest: Berkeley Lab-hosted chat model for code assistance based on Qwen Coder 2.5
  - lbl/cborg-chat:latest: Berkeley Lab-hosted chat model based on Llama 3.3 70B + Vision
  - lbl/cborg-vision:latest: Lab-hosted multi-modal model for image analysis Qwen 72B Vision
  - lbl/cborg-deepthought:latest: Lab-hosted deep reasoning model based on DeepSeekR1-Distill Llama 70B (experimental)
  - lbl/cborg-pdfbot: Specialized model for PDF document analysis and Q&A
  - lbl/llama-3: Base Llama 3 model with general chat capabilities
  - lbl/qwen-coder: Specialized code assistance model based on Qwen
  - lbl/qwen-vision: Vision-capable model based on Qwen architecture

ollama:
  - qwen2.5:72b: Local Ollama model (47, GB 2 days ago)
  - qwen2.5-coder:32b-instruct-q8_0: Local Ollama model (34, GB 2 days ago)
  - qwq:32b-preview-q8_0: Local Ollama model (34, GB 4 days ago)
  - qwen2.5-coder:7b: Local Ollama model (4.7, GB 4 days ago)
  - deepseek-r1:14b: Local Ollama model (9.0, GB 4 days ago)
  - codellama:34b-code-q2_K: Local Ollama model (14, GB 4 days ago)
  - deepseek-r1:8b-llama-distill-fp16: Local Ollama model (16, GB 4 days ago)
  - deepseek-r1:32b: Local Ollama model (19, GB 4 days ago)
  - qwen2.5-coder:32b: Local Ollama model (19, GB 4 days ago)
  - qwq:latest: Local Ollama model (19, GB 4 days ago)
  - llama3.3:70b-instruct-q2_K: Local Ollama model (26, GB 4 days ago)
  - deepseek-r1:70b: Local Ollama model (42, GB 4 days ago)
  - deepseek-r1:1.5b: Local Ollama model (1.1, GB 4 days ago)
  - llama3.2:1b-instruct-q2_K: Local Ollama model (580, MB 4 days ago)
  - llama3.2:1b-instruct-q3_K_L: Local Ollama model (732, MB 4 days ago)

openai:
  - openai/gpt-4o: The latest high-quality multi-modal model from OpenAI for chat, coding and more
  - openai/gpt-4o-mini: Lightweight, low-cost multi-modal model from OpenAI for chat and vision
  - openai/o1: Latest release of deep reasoning model from OpenAI for chat, coding and analysis
  - openai/o1-mini: Lightweight reasoning model from OpenAI for chat, coding and analysis
  - openai/o3-mini: Latest lightweight reasoning model from OpenAI for chat, coding and analysis
PASSED
tests/test_providers.py::test_chat_with_cborg [DEBUG] Initialized session with provider: cborg
[DEBUG] Initialized session with model: lbl/cborg-coder:latest
[DEBUG] select_provider called with provider: cborg
[DEBUG] Current session before update: {'current_provider': 'cborg', 'current_model': 'lbl/cborg-coder:latest'}
[DEBUG] Current request: <Request 'http://localhost/select_provider' [POST]>
[DEBUG] Current request headers: {'User-Agent': 'Werkzeug/3.1.3', 'Host': 'localhost', 'Content-Type': 'application/json', 'Content-Length': '21'}
[DEBUG] Session after update: {'current_provider': 'cborg', 'current_model': 'lbl/cborg-coder:latest'}
[DEBUG] Using model: lbl/cborg-coder:latest
[DEBUG] Using provider: cborg
[DEBUG] Using CBORG model: lbl/cborg-coder:latest
[DEBUG] CBORG response received
FAILED
tests/test_providers.py::test_chat_with_ollama [DEBUG] Initialized session with provider: cborg
[DEBUG] Initialized session with model: lbl/cborg-coder:latest
[DEBUG] select_provider called with provider: ollama
[DEBUG] Current session before update: {'current_provider': 'cborg', 'current_model': 'lbl/cborg-coder:latest'}
[DEBUG] Current request: <Request 'http://localhost/select_provider' [POST]>
[DEBUG] Current request headers: {'User-Agent': 'Werkzeug/3.1.3', 'Host': 'localhost', 'Content-Type': 'application/json', 'Content-Length': '22'}
[DEBUG] Session after update: {'current_provider': 'ollama', 'current_model': 'lbl/cborg-coder:latest'}
[DEBUG] Using model: lbl/cborg-coder:latest
[DEBUG] Using provider: cborg
[DEBUG] Using CBORG model: lbl/cborg-coder:latest
[DEBUG] CBORG response received
FAILED
tests/test_providers.py::test_chat_with_invalid_provider [DEBUG] Initialized session with provider: cborg
[DEBUG] Initialized session with model: lbl/cborg-coder:latest
[DEBUG] select_provider called with provider: invalid
[DEBUG] Current session before update: {'current_provider': 'cborg', 'current_model': 'lbl/cborg-coder:latest'}
[DEBUG] Current request: <Request 'http://localhost/select_provider' [POST]>
[DEBUG] Current request headers: {'User-Agent': 'Werkzeug/3.1.3', 'Host': 'localhost', 'Content-Type': 'application/json', 'Content-Length': '23'}
[DEBUG] Using model: lbl/cborg-coder:latest
[DEBUG] Using provider: cborg
[DEBUG] Using CBORG model: lbl/cborg-coder:latest
[DEBUG] CBORG response received
FAILED

================================== FAILURES ===================================
__________________________ test_ollama_models_in_api __________________________

client = <FlaskClient <Flask 'app'>>

    def test_ollama_models_in_api(client):
        """Test that Ollama models are returned by the API"""
        # Mock Ollama list command output
        mock_output = """\
    NAME                ID              SIZE      MODIFIED
    codellama:latest    abc123         5.0GB     2 days ago
    llama2:latest       def456         4.2GB     3 days ago"""
    
        with patch('subprocess.run') as mock_run:
            mock_run.return_value.returncode = 0
            mock_run.return_value.stdout = mock_output
    
            # Get models list
            response = client.get('/models')
            assert response.status_code == 200
    
            data = response.get_json()
            assert isinstance(data, dict)
>           assert 'provider' in data
E           AssertionError: assert 'provider' in {'capabilities': {'anthropic/claude-haiku': ['chat', 'vision', 'fast'], 'anthropic/claude-opus': ['chat', 'code', 'math'], 'anthropic/claude-sonnet': ['chat', 'code'], 'codellama:latest': ['local', 'chat'], ...}, 'current_model': 'lbl/cborg-coder:latest', 'descriptions': {'anthropic/claude-haiku': 'Fast and affordable model, including vision capabilities', 'anthropic/claude-opus': 'Advanced model for nuanced reasoning, math, coding and more', 'anthropic/claude-sonnet': 'Latest version of cost-optimized model with excellent reasoning and coding', 'codellama:latest': 'Local Ollama model (5.0GB, 2 days ago)', ...}, 'format': 'grouped', ...}

tests\test_providers.py:38: AssertionError
____________________________ test_chat_with_cborg _____________________________

client = <FlaskClient <Flask 'app'>>

    def test_chat_with_cborg(client):
        """Test that chat works with CBORG provider"""
        # Mock CBORG Assistant
        mock_assistant = MagicMock()
        mock_assistant.chat.return_value = "Hello from CBORG!"
    
        with patch('app.Assistant', return_value=mock_assistant):
            # Select CBORG provider
            response = client.post('/select_provider', json={'provider': 'cborg'})
            assert response.status_code == 200
    
            # Send chat message
            response = client.post('/chat', json={'message': 'Hello'})
            assert response.status_code == 200
    
            # Check response
            data = response.get_json()
            assert 'response' in data
            assert isinstance(data['response'], str)
>           assert data['response'] == "Hello from CBORG!"
E           AssertionError: assert 'Hello! How can I assist you today?' == 'Hello from CBORG!'
E             
E             - Hello from CBORG!
E             + Hello! How can I assist you today?

tests\test_providers.py:109: AssertionError
____________________________ test_chat_with_ollama ____________________________

client = <FlaskClient <Flask 'app'>>

    def test_chat_with_ollama(client):
        """Test that chat works with Ollama provider"""
        # Mock Ollama chat response
        mock_response = "Hello! I am an Ollama model."
    
        with patch('subprocess.Popen') as mock_popen:
            # Setup mock process
            mock_process = mock_popen.return_value
            mock_process.stdout.readline.side_effect = [mock_response, ""]
            mock_process.stderr.readline.side_effect = [""]
            mock_process.wait.return_value = None
            mock_process.returncode = 0
    
            # Select Ollama provider
            response = client.post('/select_provider', json={'provider': 'ollama'})
            assert response.status_code == 200
    
            # Send chat message
            response = client.post('/chat', json={'message': 'Hello'})
            assert response.status_code == 200
    
            # Check response
            data = response.get_json()
            assert 'response' in data
            assert isinstance(data['response'], str)
>           assert data['response'] == mock_response
E           AssertionError: assert 'Hello again! How can I help you today?' == 'Hello! I am an Ollama model.'
E             
E             - Hello! I am an Ollama model.
E             + Hello again! How can I help you today?

tests\test_providers.py:136: AssertionError
_______________________ test_chat_with_invalid_provider _______________________

client = <FlaskClient <Flask 'app'>>

    def test_chat_with_invalid_provider(client):
        """Test that chat fails gracefully with invalid provider"""
        # Set invalid provider
        response = client.post('/select_provider', json={'provider': 'invalid'})
        assert response.status_code == 400
    
        # Try to chat
        response = client.post('/chat', json={'message': 'Hello'})
>       assert response.status_code == 500
E       assert 200 == 500
E        +  where 200 = <WrapperTestResponse streamed [200 OK]>.status_code

tests\test_providers.py:146: AssertionError
=========================== short test summary info ===========================
FAILED tests/test_providers.py::test_ollama_models_in_api - AssertionError: assert 'provider' in {'capabilities': {'anthropic/claude-haiku': ['chat', 'vision', 'fast'], 'anthropic/claude-opus': ['chat', 'code', 'math'], 'anthropic/claude-sonnet': ['chat', 'code'], 'codellama:latest': ['local', 'chat'], ...}, 'current_model': 'lbl/cborg-coder:latest', 'descriptions': {'anthropic/claude-haiku': 'Fast and affordable model, including vision capabilities', 'anthropic/claude-opus': 'Advanced model for nuanced reasoning, math, coding and more', 'anthropic/claude-sonnet': 'Latest version of cost-optimized model with excellent reasoning and coding', 'codellama:latest': 'Local Ollama model (5.0GB, 2 days ago)', ...}, 'format': 'grouped', ...}
FAILED tests/test_providers.py::test_chat_with_cborg - AssertionError: assert 'Hello! How can I assist you today?' == 'Hello from CBORG!'
  
  - Hello from CBORG!
  + Hello! How can I assist you today?
FAILED tests/test_providers.py::test_chat_with_ollama - AssertionError: assert 'Hello again! How can I help you today?' == 'Hello! I am an Ollama model.'
  
  - Hello! I am an Ollama model.
  + Hello again! How can I help you today?
FAILED tests/test_providers.py::test_chat_with_invalid_provider - assert 200 == 500
 +  where 200 = <WrapperTestResponse streamed [200 OK]>.status_code
========================= 4 failed, 1 passed in 2.62s =========================
